// Jest Snapshot v1, https://goo.gl/fbAQLP

exports[`<EmptyState /> should be match snapshot 1`] = `
<RNCSafeAreaView
  style={
    Array [
      Object {
        "alignItems": "center",
        "backgroundColor": "#0080ed",
        "height": 100,
        "justifyContent": "center",
      },
    ]
  }
>
  <View
    style={
      Object {
        "opacity": 0,
        "transform": Array [
          Object {
            "translateX": -50,
          },
        ],
        "width": 200,
      }
    }
  >
    <SvgMock />
  </View>
</RNCSafeAreaView>
`;
