// Jest Snapshot v1, https://goo.gl/fbAQLP

exports[`<EmptyState /> should be match snapshot 1`] = `
<View
  style={
    Array [
      Object {
        "paddingBottom": 10,
        "paddingLeft": 10,
        "paddingRight": 10,
        "paddingTop": 10,
      },
    ]
  }
>
  <Text
    style={
      Array [
        Object {
          "color": "#0080ed",
          "fontSize": 20,
          "fontWeight": "bold",
        },
      ]
    }
  >
    Error na aplicação
  </Text>
</View>
`;
